
Discarded input sections

 .text          0x00000000        0x0 obj/startup.o
 .data          0x00000000        0x0 obj/startup.o
 .bss           0x00000000        0x0 obj/startup.o
 .text          0x00000000        0x0 obj/system_S32K144.o
 .data          0x00000000        0x0 obj/system_S32K144.o
 .bss           0x00000000        0x0 obj/system_S32K144.o
 .text.SystemCoreClockUpdate
                0x00000000       0x94 obj/system_S32K144.o
 .text.SystemSoftwareReset
                0x00000000       0x18 obj/system_S32K144.o
 .rodata.fircFreq.5079
                0x00000000       0x10 obj/system_S32K144.o
 .data.SystemCoreClock
                0x00000000        0x4 obj/system_S32K144.o
 .text          0x00000000        0x0 obj/erm_driver.o
 .data          0x00000000        0x0 obj/erm_driver.o
 .bss           0x00000000        0x0 obj/erm_driver.o
 .text.ERM_DRV_ClearEvent
                0x00000000       0x30 obj/erm_driver.o
 .text.ERM_DRV_GetErrorDetail
                0x00000000       0x10 obj/erm_driver.o
 .text          0x00000000        0x0 obj/erm_hal.o
 .data          0x00000000        0x0 obj/erm_hal.o
 .bss           0x00000000        0x0 obj/erm_hal.o
 .text.ERM_HAL_GetErrorDetail
                0x00000000       0x40 obj/erm_hal.o
 .text          0x00000000        0x0 obj/FSL_ERM_DRV_UT_TS001.o
 .data          0x00000000        0x0 obj/FSL_ERM_DRV_UT_TS001.o
 .bss           0x00000000        0x0 obj/FSL_ERM_DRV_UT_TS001.o
 .text.ERM_DRV_TEST_GetErrorDetail_SEC
                0x00000000       0x6c obj/FSL_ERM_DRV_UT_TS001.o
 .text.ERM_DRV_TEST_GetErrorDetail_DEC
                0x00000000       0x70 obj/FSL_ERM_DRV_UT_TS001.o
 .text          0x00000000        0x0 obj/FSL_ERM_HAL_UT_TS001.o
 .data          0x00000000        0x0 obj/FSL_ERM_HAL_UT_TS001.o
 .bss           0x00000000        0x0 obj/FSL_ERM_HAL_UT_TS001.o
 .text.ERM_HAL_TEST_GetErrorDetail_SEC
                0x00000000       0x60 obj/FSL_ERM_HAL_UT_TS001.o
 .text.ERM_HAL_TEST_GetErrorDetail_DEC
                0x00000000       0x64 obj/FSL_ERM_HAL_UT_TS001.o
 .rodata.g_ermBase0
                0x00000000        0x4 obj/FSL_ERM_HAL_UT_TS001.o
 .text          0x00000000        0x0 obj/erm_test.o
 .data          0x00000000        0x0 obj/erm_test.o
 .bss           0x00000000        0x0 obj/erm_test.o
 .text          0x00000000        0x0 obj/main.o
 .data          0x00000000        0x0 obj/main.o
 .bss           0x00000000        0x0 obj/main.o
 .data          0x00000000        0x0 obj/startup_S32K144.o
 .bss           0x00000000        0x0 obj/startup_S32K144.o

Memory Configuration

Name             Origin             Length             Attributes
m_interrupts     0x00000000         0x00000400         xr
m_flash_config   0x00000400         0x00000010         xr
m_text           0x00000410         0x0007fbf0         xr
m_data           0x1fff8000         0x00008000         rw
m_data_2         0x20000000         0x00007000         rw
*default*        0x00000000         0xffffffff

Linker script and memory map

LOAD obj/startup.o
LOAD obj/system_S32K144.o
LOAD obj/erm_driver.o
LOAD obj/erm_hal.o
LOAD obj/FSL_ERM_DRV_UT_TS001.o
LOAD obj/FSL_ERM_HAL_UT_TS001.o
LOAD obj/erm_test.o
LOAD obj/main.o
LOAD obj/startup_S32K144.o
                0x00000400                HEAP_SIZE = DEFINED (__heap_size__)?__heap_size__:0x400
                0x00000400                STACK_SIZE = DEFINED (__stack_size__)?__stack_size__:0x400
                0x00000400                M_VECTOR_RAM_SIZE = DEFINED (__flash_vector_table__)?0x0:0x400

.interrupts     0x00000000      0x400
                0x00000000                __VECTOR_TABLE = .
                0x00000000                . = ALIGN (0x4)
 *(.isr_vector)
 .isr_vector    0x00000000      0x400 obj/startup_S32K144.o
                0x00000000                __isr_vector
                0x00000400                . = ALIGN (0x4)

.flash_config   0x00000400       0x10
                0x00000400                . = ALIGN (0x4)
 *(.FlashConfig)
 .FlashConfig   0x00000400       0x10 obj/startup_S32K144.o
                0x00000410                . = ALIGN (0x4)

.text           0x00000410      0x520
                0x00000410                . = ALIGN (0x4)
 *(.text)
 .text          0x00000410       0x44 obj/startup_S32K144.o
                0x00000410                Reset_Handler
                0x00000450                DebugMon_Handler
                0x00000450                Reserved88_IRQHandler
                0x00000450                CAN0_ORed_IRQHandler
                0x00000450                CAN2_Wake_Up_IRQHandler
                0x00000450                HardFault_Handler
                0x00000450                Reserved86_IRQHandler
                0x00000450                SysTick_Handler
                0x00000450                FTM2_Ovf_Reload_IRQHandler
                0x00000450                FTFC_Fault_IRQHandler
                0x00000450                FTM0_Ch6_Ch7_IRQHandler
                0x00000450                Reserved114_IRQHandler
                0x00000450                PendSV_Handler
                0x00000450                NMI_Handler
                0x00000450                Reserved89_IRQHandler
                0x00000450                ERM_double_fault_IRQHandler
                0x00000450                DMA2_IRQHandler
                0x00000450                Reserved59_IRQHandler
                0x00000450                LPIT0_Ch0_IRQHandler
                0x00000450                Reserved99_IRQHandler
                0x00000450                FTM3_Ch6_Ch7_IRQHandler
                0x00000450                CAN2_ORed_0_15_MB_IRQHandler
                0x00000450                LPIT0_Ch3_IRQHandler
                0x00000450                LPUART0_ERR_IRQHandler
                0x00000450                Reserved92_IRQHandler
                0x00000450                FTM0_Ch4_Ch5_IRQHandler
                0x00000450                CAN1_Error_IRQHandler
                0x00000450                FTM3_Ch0_Ch1_IRQHandler
                0x00000450                SWI_IRQHandler
                0x00000450                ADC0_IRQHandler
                0x00000450                FTM2_Ch4_Ch5_IRQHandler
                0x00000450                UsageFault_Handler
                0x00000450                FTM0_Ovf_Reload_IRQHandler
                0x00000450                DefaultISR
                0x00000450                DMA9_IRQHandler
                0x00000450                Reserved58_IRQHandler
                0x00000450                CAN1_ORed_0_15_MB_IRQHandler
                0x00000450                FTM1_Ch2_Ch3_IRQHandler
                0x00000450                DMA14_IRQHandler
                0x00000450                Reserved82_IRQHandler
                0x00000450                CAN0_ORed_16_31_MB_IRQHandler
                0x00000450                LPI2C0_Slave_IRQHandler
                0x00000450                Reserved71_IRQHandler
                0x00000450                PORTD_IRQHandler
                0x00000450                Reserved69_IRQHandler
                0x00000450                PORTB_IRQHandler
                0x00000450                Reserved70_IRQHandler
                0x00000450                ADC1_IRQHandler
                0x00000450                FTM2_Ch2_Ch3_IRQHandler
                0x00000450                Reserved53_IRQHandler
                0x00000450                DMA5_IRQHandler
                0x00000450                RTC_IRQHandler
                0x00000450                PDB0_IRQHandler
                0x00000450                Reserved54_IRQHandler
                0x00000450                FTM2_Ch6_Ch7_IRQHandler
                0x00000450                FTM3_Ch2_Ch3_IRQHandler
                0x00000450                FTM2_Ch0_Ch1_IRQHandler
                0x00000450                LPSPI1_IRQHandler
                0x00000450                LPUART1_RxTx_IRQHandler
                0x00000450                RTC_Seconds_IRQHandler
                0x00000450                CAN2_ORed_IRQHandler
                0x00000450                Reserved72_IRQHandler
                0x00000450                DMA11_IRQHandler
                0x00000450                Reserved107_IRQHandler
                0x00000450                Read_Collision_IRQHandler
                0x00000450                CAN2_Error_IRQHandler
                0x00000450                FTFC_IRQHandler
                0x00000450                DMA7_IRQHandler
                0x00000450                FTM1_Ch6_Ch7_IRQHandler
                0x00000450                LPUART1_ERR_IRQHandler
                0x00000450                LPIT0_Ch1_IRQHandler
                0x00000450                FTM1_Ch4_Ch5_IRQHandler
                0x00000450                FTM3_Ovf_Reload_IRQHandler
                0x00000450                LPUART2_RxTx_IRQHandler
                0x00000450                LPSPI0_IRQHandler
                0x00000450                WDOG_EWM_IRQHandler
                0x00000450                MemManage_Handler
                0x00000450                Reserved90_IRQHandler
                0x00000450                Reserved83_IRQHandler
                0x00000450                FTM0_Fault_IRQHandler
                0x00000450                SVC_Handler
                0x00000450                CAN1_Wake_Up_IRQHandler
                0x00000450                ERM_single_fault_IRQHandler
                0x00000450                FTM2_Fault_IRQHandler
                0x00000450                FTM0_Ch2_Ch3_IRQHandler
                0x00000450                DMA13_IRQHandler
                0x00000450                FTM0_Ch0_Ch1_IRQHandler
                0x00000450                FTM3_Fault_IRQHandler
                0x00000450                RCM_IRQHandler
                0x00000450                DMA3_IRQHandler
                0x00000450                Reserved100_IRQHandler
                0x00000450                DMA0_IRQHandler
                0x00000450                Reserved91_IRQHandler
                0x00000450                CAN1_ORed_IRQHandler
                0x00000450                DMA15_IRQHandler
                0x00000450                SCG_IRQHandler
                0x00000450                PDB1_IRQHandler
                0x00000450                Reserved81_IRQHandler
                0x00000450                Reserved46_IRQHandler
                0x00000450                Reserved45_IRQHandler
                0x00000450                CAN2_ORed_16_31_MB_IRQHandler
                0x00000450                CAN0_Error_IRQHandler
                0x00000450                LPI2C0_Master_IRQHandler
                0x00000450                DMA4_IRQHandler
                0x00000450                FTM1_Fault_IRQHandler
                0x00000450                Reserved106_IRQHandler
                0x00000450                DMA_Error_IRQHandler
                0x00000450                LVD_LVW_IRQHandler
                0x00000450                LPIT0_Ch2_IRQHandler
                0x00000450                PORTA_IRQHandler
                0x00000450                LPUART2_ERR_IRQHandler
                0x00000450                CAN1_ORed_16_31_MB_IRQHandler
                0x00000450                MCM_IRQHandler
                0x00000450                LPSPI2_IRQHandler
                0x00000450                DMA12_IRQHandler
                0x00000450                FTM3_Ch4_Ch5_IRQHandler
                0x00000450                CAN0_ORed_0_15_MB_IRQHandler
                0x00000450                PORTE_IRQHandler
                0x00000450                LPUART0_RxTx_IRQHandler
                0x00000450                LPTMR0_IRQHandler
                0x00000450                BusFault_Handler
                0x00000450                Reserved87_IRQHandler
                0x00000450                FTM1_Ovf_Reload_IRQHandler
                0x00000450                DMA8_IRQHandler
                0x00000450                Reserved93_IRQHandler
                0x00000450                DMA10_IRQHandler
                0x00000450                CAN0_Wake_Up_IRQHandler
                0x00000450                CMP0_IRQHandler
                0x00000450                PORTC_IRQHandler
                0x00000450                DMA6_IRQHandler
                0x00000450                FTM1_Ch0_Ch1_IRQHandler
                0x00000450                FLEXIO_IRQHandler
                0x00000450                DMA1_IRQHandler
                0x00000450                Reserved113_IRQHandler
 *(.text*)
 .text.init_data_bss
                0x00000454       0xb4 obj/startup.o
                0x00000454                init_data_bss
 .text.SystemInit
                0x00000508       0x1c obj/system_S32K144.o
                0x00000508                SystemInit
 .text.ERM_DRV_Deinit
                0x00000524       0x10 obj/erm_driver.o
                0x00000524                ERM_DRV_Deinit
 .text.ERM_DRV_SetInterruptConfig
                0x00000534       0x60 obj/erm_driver.o
                0x00000534                ERM_DRV_SetInterruptConfig
 .text.ERM_DRV_Init
                0x00000594       0x3c obj/erm_driver.o
                0x00000594                ERM_DRV_Init
 .text.ERM_DRV_GetInterruptConfig
                0x000005d0       0x2c obj/erm_driver.o
                0x000005d0                ERM_DRV_GetInterruptConfig
 .text.ERM_HAL_Init
                0x000005fc        0xc obj/erm_hal.o
                0x000005fc                ERM_HAL_Init
 .text.ERM_DRV_TEST_Init
                0x00000608       0x48 obj/FSL_ERM_DRV_UT_TS001.o
                0x00000608                ERM_DRV_TEST_Init
 .text.ERM_DRV_TEST_Deinit
                0x00000650       0x24 obj/FSL_ERM_DRV_UT_TS001.o
                0x00000650                ERM_DRV_TEST_Deinit
 .text.ERM_DRV_TEST_GetInterruptConfig
                0x00000674       0x54 obj/FSL_ERM_DRV_UT_TS001.o
                0x00000674                ERM_DRV_TEST_GetInterruptConfig
 .text.ERM_HAL_TEST_Init
                0x000006c8       0x20 obj/FSL_ERM_HAL_UT_TS001.o
                0x000006c8                ERM_HAL_TEST_Init
 .text.ERM_HAL_TEST_EventInterrupt
                0x000006e8       0xf4 obj/FSL_ERM_HAL_UT_TS001.o
                0x000006e8                ERM_HAL_TEST_EventInterrupt
 .text.erm_test_start
                0x000007dc      0x128 obj/erm_test.o
                0x000007dc                erm_test_start
 .text.main     0x00000904       0x10 obj/main.o
                0x00000904                main
 *(.rodata)
 *(.rodata*)
 .rodata.g_ermBase
                0x00000914        0x4 obj/erm_driver.o
                0x00000914                g_ermBase
 .rodata.erm1_InitConfig
                0x00000918       0x10 obj/FSL_ERM_DRV_UT_TS001.o
                0x00000918                erm1_InitConfig
 .rodata.erm1_Interrupt1
                0x00000928        0x2 obj/FSL_ERM_DRV_UT_TS001.o
                0x00000928                erm1_Interrupt1
 *fill*         0x0000092a        0x2 
 .rodata.erm1_Interrupt3
                0x0000092c        0x2 obj/FSL_ERM_DRV_UT_TS001.o
                0x0000092c                erm1_Interrupt3
 *(.glue_7)
 .glue_7        0x00000000        0x0 linker stubs
 *(.glue_7t)
 .glue_7t       0x00000000        0x0 linker stubs
 *(.eh_frame)
 *(.init)
 *(.fini)
                0x00000930                . = ALIGN (0x4)
 *fill*         0x0000092e        0x2 

.vfp11_veneer   0x00000930        0x0
 .vfp11_veneer  0x00000000        0x0 linker stubs

.v4_bx          0x00000930        0x0
 .v4_bx         0x00000000        0x0 linker stubs

.iplt           0x00000930        0x0
 .iplt          0x00000000        0x0 obj/startup.o

.rel.dyn        0x00000930        0x0
 .rel.iplt      0x00000000        0x0 obj/startup.o

.ARM.extab
 *(.ARM.extab* .gnu.linkonce.armextab.*)

.ARM            0x00000930        0x0
                0x00000930                __exidx_start = .
 *(.ARM.exidx*)
                0x00000930                __exidx_end = .

.ctors          0x00000930        0x0
                0x00000930                __CTOR_LIST__ = .
 *crtbegin.o(.ctors)
 *crtbegin?.o(.ctors)
 *(EXCLUDE_FILE(*crtend.o *crtend?.o) .ctors)
 *(SORT(.ctors.*))
 *(.ctors)
                0x00000930                __CTOR_END__ = .

.dtors          0x00000930        0x0
                0x00000930                __DTOR_LIST__ = .
 *crtbegin.o(.dtors)
 *crtbegin?.o(.dtors)
 *(EXCLUDE_FILE(*crtend.o *crtend?.o) .dtors)
 *(SORT(.dtors.*))
 *(.dtors)
                0x00000930                __DTOR_END__ = .

.preinit_array  0x00000930        0x0
                0x00000930                PROVIDE (__preinit_array_start, .)
 *(.preinit_array*)
                0x00000930                PROVIDE (__preinit_array_end, .)

.init_array     0x00000930        0x0
                0x00000930                PROVIDE (__init_array_start, .)
 *(SORT(.init_array.*))
 *(.init_array*)
                0x00000930                PROVIDE (__init_array_end, .)

.fini_array     0x00000930        0x0
                0x00000930                PROVIDE (__fini_array_start, .)
 *(SORT(.fini_array.*))
 *(.fini_array*)
                0x00000930                PROVIDE (__fini_array_end, .)
                0x00000930                __etext = .
                0x00000930                __DATA_ROM = .

.interrupts_ram
                0x1fff8000      0x400
                0x1fff8000                . = ALIGN (0x4)
                0x1fff8000                __VECTOR_RAM__ = .
                0x1fff8000                __interrupts_ram_start__ = .
 *(.m_interrupts_ram)
                0x1fff8400                . = (. + M_VECTOR_RAM_SIZE)
 *fill*         0x1fff8000      0x400 
                0x1fff8400                . = ALIGN (0x4)
                0x1fff8400                __interrupts_ram_end__ = .
                0x1fff8000                __VECTOR_RAM = DEFINED (__flash_vector_table__)?ORIGIN (m_interrupts):__VECTOR_RAM__
                0x00000400                __RAM_VECTOR_TABLE_SIZE = DEFINED (__flash_vector_table__)?0x0:(__interrupts_ram_end__ - __interrupts_ram_start__)

.data           0x1fff8400        0x0 load address 0x00000930
                0x1fff8400                . = ALIGN (0x4)
                0x1fff8400                __DATA_RAM = .
                0x1fff8400                __data_start__ = .
 *(.data)
 *(.data*)
 *(.jcr*)
                0x1fff8400                . = ALIGN (0x4)
                0x1fff8400                __data_end__ = .
                0x00000930                __DATA_END = (__DATA_ROM + (__data_end__ - __data_start__))
                0x00000930                __CODE_ROM = __DATA_END

.igot.plt       0x1fff8400        0x0
 .igot.plt      0x00000000        0x0 obj/startup.o

.code           0x1fff8400        0x0 load address 0x00000930
                0x1fff8400                . = ALIGN (0x4)
                0x1fff8400                __CODE_RAM = .
                0x1fff8400                __code_start__ = .
 *(.code_ram)
                0x1fff8400                . = ALIGN (0x4)
                0x1fff8400                __code_end__ = .
                0x00000930                __CODE_END = (__CODE_ROM + (__code_end__ - __code_start__))

.customSectionBlock
 *(.customSection)

.bss            0x20000000        0x0
                0x20000000                . = ALIGN (0x4)
                0x20000000                __BSS_START = .
                0x20000000                __bss_start__ = .
 *(.bss)
 *(.bss*)
 *(COMMON)
                0x20000000                . = ALIGN (0x4)
                0x20000000                __bss_end__ = .
                0x20000000                __BSS_END = .

.heap           0x20000000      0x400
                0x20000000                . = ALIGN (0x8)
                0x20000000                __end__ = .
                0x20000000                PROVIDE (end, .)
                0x20000000                PROVIDE (_end, .)
                0x20000000                PROVIDE (__end, .)
                0x20000000                __HeapBase = .
                0x20000400                . = (. + HEAP_SIZE)
 *fill*         0x20000000      0x400 
                0x20000400                __HeapLimit = .
                0x20000400                __heap_limit = .

.stack          0x20000400      0x400
                0x20000400                . = ALIGN (0x8)
                0x20000800                . = (. + STACK_SIZE)
 *fill*         0x20000400      0x400 
                0x20007000                __StackTop = (ORIGIN (m_data_2) + 0x7000)
                0x20006c00                __StackLimit = (__StackTop - STACK_SIZE)
                0x20007000                PROVIDE (__stack, __StackTop)

.ARM.attributes
                0x00000000       0x31
 *(.ARM.attributes)
 .ARM.attributes
                0x00000000       0x33 obj/startup.o
 .ARM.attributes
                0x00000033       0x33 obj/system_S32K144.o
 .ARM.attributes
                0x00000066       0x33 obj/erm_driver.o
 .ARM.attributes
                0x00000099       0x33 obj/erm_hal.o
 .ARM.attributes
                0x000000cc       0x33 obj/FSL_ERM_DRV_UT_TS001.o
 .ARM.attributes
                0x000000ff       0x33 obj/FSL_ERM_HAL_UT_TS001.o
 .ARM.attributes
                0x00000132       0x33 obj/erm_test.o
 .ARM.attributes
                0x00000165       0x33 obj/main.o
 .ARM.attributes
                0x00000198       0x1b obj/startup_S32K144.o
                0x00000001                ASSERT ((__StackLimit >= __HeapLimit), region m_data_2 overflowed with stack and heap)
OUTPUT(app_flash.elf elf32-littlearm)

.debug_info     0x00000000     0x24a8
 .debug_info    0x00000000      0x3fa obj/startup.o
 .debug_info    0x000003fa      0x540 obj/system_S32K144.o
 .debug_info    0x0000093a      0x67a obj/erm_driver.o
 .debug_info    0x00000fb4      0x34b obj/erm_hal.o
 .debug_info    0x000012ff      0x786 obj/FSL_ERM_DRV_UT_TS001.o
 .debug_info    0x00001a85      0x6ee obj/FSL_ERM_HAL_UT_TS001.o
 .debug_info    0x00002173      0x2c4 obj/erm_test.o
 .debug_info    0x00002437       0x71 obj/main.o

.debug_abbrev   0x00000000      0xc24
 .debug_abbrev  0x00000000      0x10b obj/startup.o
 .debug_abbrev  0x0000010b      0x133 obj/system_S32K144.o
 .debug_abbrev  0x0000023e      0x24c obj/erm_driver.o
 .debug_abbrev  0x0000048a      0x1be obj/erm_hal.o
 .debug_abbrev  0x00000648      0x23e obj/FSL_ERM_DRV_UT_TS001.o
 .debug_abbrev  0x00000886      0x238 obj/FSL_ERM_HAL_UT_TS001.o
 .debug_abbrev  0x00000abe       0xf3 obj/erm_test.o
 .debug_abbrev  0x00000bb1       0x73 obj/main.o

.debug_loc      0x00000000     0x1123
 .debug_loc     0x00000000       0xae obj/startup.o
 .debug_loc     0x000000ae      0x115 obj/system_S32K144.o
 .debug_loc     0x000001c3      0x3cb obj/erm_driver.o
 .debug_loc     0x0000058e      0x317 obj/erm_hal.o
 .debug_loc     0x000008a5      0x31b obj/FSL_ERM_DRV_UT_TS001.o
 .debug_loc     0x00000bc0      0x54c obj/FSL_ERM_HAL_UT_TS001.o
 .debug_loc     0x0000110c       0x17 obj/main.o

.debug_aranges  0x00000000      0x178
 .debug_aranges
                0x00000000       0x20 obj/startup.o
 .debug_aranges
                0x00000020       0x30 obj/system_S32K144.o
 .debug_aranges
                0x00000050       0x48 obj/erm_driver.o
 .debug_aranges
                0x00000098       0x28 obj/erm_hal.o
 .debug_aranges
                0x000000c0       0x40 obj/FSL_ERM_DRV_UT_TS001.o
 .debug_aranges
                0x00000100       0x38 obj/FSL_ERM_HAL_UT_TS001.o
 .debug_aranges
                0x00000138       0x20 obj/erm_test.o
 .debug_aranges
                0x00000158       0x20 obj/main.o

.debug_ranges   0x00000000      0x198
 .debug_ranges  0x00000000       0x10 obj/startup.o
 .debug_ranges  0x00000010       0x20 obj/system_S32K144.o
 .debug_ranges  0x00000030       0x38 obj/erm_driver.o
 .debug_ranges  0x00000068       0x18 obj/erm_hal.o
 .debug_ranges  0x00000080       0x60 obj/FSL_ERM_DRV_UT_TS001.o
 .debug_ranges  0x000000e0       0x98 obj/FSL_ERM_HAL_UT_TS001.o
 .debug_ranges  0x00000178       0x10 obj/erm_test.o
 .debug_ranges  0x00000188       0x10 obj/main.o

.debug_line     0x00000000     0x10aa
 .debug_line    0x00000000      0x1c5 obj/startup.o
 .debug_line    0x000001c5      0x1f8 obj/system_S32K144.o
 .debug_line    0x000003bd      0x2d9 obj/erm_driver.o
 .debug_line    0x00000696      0x236 obj/erm_hal.o
 .debug_line    0x000008cc      0x2e3 obj/FSL_ERM_DRV_UT_TS001.o
 .debug_line    0x00000baf      0x2e8 obj/FSL_ERM_HAL_UT_TS001.o
 .debug_line    0x00000e97      0x1d6 obj/erm_test.o
 .debug_line    0x0000106d       0x3d obj/main.o

.debug_str      0x00000000      0xbcd
 .debug_str     0x00000000      0x358 obj/startup.o
                                0x39d (size before relaxing)
 .debug_str     0x00000358      0x1bd obj/system_S32K144.o
                                0x426 (size before relaxing)
 .debug_str     0x00000515      0x274 obj/erm_driver.o
                                0x454 (size before relaxing)
 .debug_str     0x00000789       0x82 obj/erm_hal.o
                                0x30a (size before relaxing)
 .debug_str     0x0000080b      0x151 obj/FSL_ERM_DRV_UT_TS001.o
                                0x4bc (size before relaxing)
 .debug_str     0x0000095c       0xe3 obj/FSL_ERM_HAL_UT_TS001.o
                                0x41a (size before relaxing)
 .debug_str     0x00000a3f      0x174 obj/erm_test.o
                                0x2f5 (size before relaxing)
 .debug_str     0x00000bb3       0x1a obj/main.o
                                0x140 (size before relaxing)

.comment        0x00000000       0x70
 .comment       0x00000000       0x70 obj/startup.o
                                 0x71 (size before relaxing)
 .comment       0x00000000       0x71 obj/system_S32K144.o
 .comment       0x00000000       0x71 obj/erm_driver.o
 .comment       0x00000000       0x71 obj/erm_hal.o
 .comment       0x00000000       0x71 obj/FSL_ERM_DRV_UT_TS001.o
 .comment       0x00000000       0x71 obj/FSL_ERM_HAL_UT_TS001.o
 .comment       0x00000000       0x71 obj/erm_test.o
 .comment       0x00000000       0x71 obj/main.o

.debug_frame    0x00000000      0x2c4
 .debug_frame   0x00000000       0x2c obj/startup.o
 .debug_frame   0x0000002c       0x40 obj/system_S32K144.o
 .debug_frame   0x0000006c       0xa4 obj/erm_driver.o
 .debug_frame   0x00000110       0x3c obj/erm_hal.o
 .debug_frame   0x0000014c       0x94 obj/FSL_ERM_DRV_UT_TS001.o
 .debug_frame   0x000001e0       0x88 obj/FSL_ERM_HAL_UT_TS001.o
 .debug_frame   0x00000268       0x34 obj/erm_test.o
 .debug_frame   0x0000029c       0x28 obj/main.o
